[backblue.gif]
[fade.gif]
[index.html]
[localhost/wordpress/comments/feed/index.html]
[localhost/wordpress/feed/index.html]
[localhost/wordpress/wp-includes/js/jquery/jqueryb8ff.js]
[localhost/wordpress/wp-includes/js/jquery/jquery-migrate.min330a.js]
[localhost/wordpress/wp-content/plugins/sticky-menu-or-anything-on-scroll/assets/js/jq-sticky-anything.min7406.js]
[localhost/wordpress/wp-content/themes/advance/js/advance68b3.js]
[localhost/wordpress/wp-content/themes/advance/js/advance_other68b3.js]
[localhost/wordpress/wp-content/themes/advance/js/advance-preloder68b3.js]
[localhost/wordpress/wp-content/themes/advance/js/wow68b3.js]
[localhost/wordpress/wp-content/themes/advance/js/headerParallax68b3.js]
[localhost/wordpress/xmlrpc0db0.php]
[localhost/wordpress/wp-includes/wlwmanifest.xml]
[localhost/wordpress/wp-content/themes/advance/images/slider.jpg]
[localhost/wordpress/wp-json/index.html]
[localhost/wordpress/wp-content/uploads/2017/04/resume_img-980x1024.png]
[localhost/wordpress/wp-content/uploads/2017/04/Resume.docx]
[localhost/wordpress/wp-content/uploads/2016/11/3-1024x480.png]
[localhost/wordpress/wp-content/uploads/2016/11/1-1024x481.png]
[localhost/wordpress/wp-content/uploads/2016/11/2-1024x460.png]
[localhost/wordpress/wp-content/uploads/2016/11/2-1-1024x486.png]
[localhost/wordpress/wp-content/uploads/2016/11/1-1-1024x488.png]
[localhost/wordpress/wp-content/plugins/page-scroll-to-id/js/page-scroll-to-id.min1f22.js]
[localhost/wordpress/wp-content/plugins/sticky-menu-or-anything-on-scroll/assets/js/stickThis7406.js]
[localhost/wordpress/wp-includes/js/wp-embed.minfe9d.js]
[localhost/wordpress/wp-content/plugins/js_composer/assets/js/dist/js_composer_front.min972f.js]
[localhost/wordpress/wp-content/plugins/js_composer/assets/lib/waypoints/waypoints.min972f.js]
[localhost/wordpress/wp-content/plugins/js_composer/assets/lib/bower/flexslider/jquery.flexslider-min972f.js]
[localhost/wordpress/wp-content/plugins/js_composer/assets/lib/prettyphoto/js/jquery.prettyPhoto.min972f.js]
[localhost/wordpress/index.html]
[localhost/wordpress/wp-content/themes/advance/images/list_type.png]
[localhost/wordpress/wp-content/themes/advance/stylefe9d.css]
[localhost/wordpress/wp-content/themes/advance/fonts/awesome/fonts/fontawesome-webfont5b62.eot]
[localhost/wordpress/wp-content/themes/advance/fonts/awesome/fonts/fontawesome-webfontd41d.eot]
[localhost/wordpress/wp-content/themes/advance/fonts/awesome/fonts/fontawesome-webfont5b62.woff]
[localhost/wordpress/wp-content/themes/advance/fonts/awesome/fonts/fontawesome-webfont5b62.ttf]
[localhost/wordpress/wp-content/themes/advance/fonts/awesome/css/font-awesome.min68b3.css]
[localhost/wordpress/wp-content/themes/advance/css/foundation68b3.css]
[localhost/wordpress/wp-content/themes/advance/css/animate68b3.css]
[localhost/wordpress/wp-content/themes/advance/css/advance-mobile68b3.css]
[localhost/wordpress/wp-content/themes/advance/inc/kirki/assets/css/kirki-styles.css]
[localhost/wordpress/wp-content/plugins/js_composer/assets/vc/alert.png]
[localhost/wordpress/wp-content/plugins/js_composer/assets/vc/info.png]
[localhost/wordpress/wp-content/plugins/js_composer/assets/vc/tick.png]
[localhost/wordpress/wp-content/plugins/js_composer/assets/vc/exclamation.png]
[localhost/wordpress/wp-content/plugins/js_composer/assets/images/icons/address-book.png]
[localhost/wordpress/wp-content/plugins/js_composer/assets/images/icons/alarm-clock.png]
[localhost/wordpress/wp-content/plugins/js_composer/assets/images/icons/anchor.png]
[localhost/wordpress/wp-content/plugins/js_composer/assets/images/icons/application-image.png]
[localhost/wordpress/wp-content/plugins/js_composer/assets/images/icons/arrow.png]
[localhost/wordpress/wp-content/plugins/js_composer/assets/images/icons/asterisk.png]
[localhost/wordpress/wp-content/plugins/js_composer/assets/images/icons/auction-hammer.png]
[localhost/wordpress/wp-content/plugins/js_composer/assets/images/icons/balloon.png]
[localhost/wordpress/wp-content/plugins/js_composer/assets/images/icons/balloon-buzz.png]
[localhost/wordpress/wp-content/plugins/js_composer/assets/images/icons/balloon-facebook.png]
[localhost/wordpress/wp-content/plugins/js_composer/assets/images/icons/balloon-twitter.png]
[localhost/wordpress/wp-content/plugins/js_composer/assets/images/icons/battery-full.png]
[localhost/wordpress/wp-content/plugins/js_composer/assets/images/icons/binocular.png]
[localhost/wordpress/wp-content/plugins/js_composer/assets/images/icons/blue-document-excel.png]
[localhost/wordpress/wp-content/plugins/js_composer/assets/images/icons/blue-document-image.png]
[localhost/wordpress/wp-content/plugins/js_composer/assets/images/icons/blue-document-music.png]
[localhost/wordpress/wp-content/plugins/js_composer/assets/images/icons/blue-document-office.png]
[localhost/wordpress/wp-content/plugins/js_composer/assets/images/icons/blue-document-pdf.png]
[localhost/wordpress/wp-content/plugins/js_composer/assets/images/icons/blue-document-powerpoint.png]
[localhost/wordpress/wp-content/plugins/js_composer/assets/images/icons/blue-document-word.png]
[localhost/wordpress/wp-content/plugins/js_composer/assets/images/icons/bookmark.png]
[localhost/wordpress/wp-content/plugins/js_composer/assets/images/icons/camcorder.png]
[localhost/wordpress/wp-content/plugins/js_composer/assets/images/icons/camera.png]
[localhost/wordpress/wp-content/plugins/js_composer/assets/images/icons/chart.png]
[localhost/wordpress/wp-content/plugins/js_composer/assets/images/icons/chart-pie.png]
[localhost/wordpress/wp-content/plugins/js_composer/assets/images/icons/clock.png]
[localhost/wordpress/wp-content/plugins/js_composer/assets/images/icons/control.png]
[localhost/wordpress/wp-content/plugins/js_composer/assets/images/icons/fire.png]
[localhost/wordpress/wp-content/plugins/js_composer/assets/images/icons/heart.png]
[localhost/wordpress/wp-content/plugins/js_composer/assets/images/icons/mail.png]
[localhost/wordpress/wp-content/plugins/js_composer/assets/images/icons/plus-shield.png]
[localhost/wordpress/wp-content/plugins/js_composer/assets/images/icons/video.png]
[localhost/wordpress/wp-content/plugins/js_composer/assets/fonts/vc_icons/fonts/VC-Icons8309.ttf]
[localhost/wordpress/wp-content/plugins/js_composer/assets/fonts/vc_icons/fonts/VC-Icons8309.woff]
[localhost/wordpress/wp-content/plugins/js_composer/assets/images/toggle_open.png]
[localhost/wordpress/wp-content/plugins/js_composer/assets/images/toggle_close.png]
[localhost/wordpress/wp-content/plugins/js_composer/assets/images/flickr.png]
[localhost/wordpress/wp-content/plugins/js_composer/assets/fonts/vc_grid/vc_grid_v157a1.eot]
[localhost/wordpress/wp-content/plugins/js_composer/assets/fonts/vc_grid/vc_grid_v1d41d.eot]
[localhost/wordpress/wp-content/plugins/js_composer/assets/fonts/vc_grid/vc_grid_v157a1.woff]
[localhost/wordpress/wp-content/plugins/js_composer/assets/fonts/vc_grid/vc_grid_v157a1.ttf]
[localhost/wordpress/wp-content/plugins/js_composer/assets/css/js_composer.min972f.css]
[localhost/wordpress/wp-content/plugins/js_composer/assets/lib/bower/font-awesome/fonts/fontawesome-webfont5b62.eot]
[localhost/wordpress/wp-content/plugins/js_composer/assets/lib/bower/font-awesome/fonts/fontawesome-webfontd41d.eot]
[localhost/wordpress/wp-content/plugins/js_composer/assets/lib/bower/font-awesome/fonts/fontawesome-webfont5b62.woff]
[localhost/wordpress/wp-content/plugins/js_composer/assets/lib/bower/font-awesome/fonts/fontawesome-webfont5b62.ttf]
[localhost/wordpress/wp-content/plugins/js_composer/assets/lib/bower/font-awesome/css/font-awesome.min972f.css]
[localhost/wordpress/wp-content/plugins/js_composer/assets/lib/bower/animate-css/animate.min972f.css]
[localhost/wordpress/wp-content/plugins/js_composer/assets/lib/bower/flexslider/fonts/flexslider-icon.eot]
[localhost/wordpress/wp-content/plugins/js_composer/assets/lib/bower/flexslider/fonts/flexslider-icond41d.eot]
[localhost/wordpress/wp-content/plugins/js_composer/assets/lib/bower/flexslider/fonts/flexslider-icon.woff]
[localhost/wordpress/wp-content/plugins/js_composer/assets/lib/bower/flexslider/fonts/flexslider-icon.ttf]
[localhost/wordpress/wp-content/plugins/js_composer/assets/lib/bower/flexslider/flexslider.min972f.css]
[localhost/wordpress/wp-content/plugins/js_composer/assets/lib/prettyphoto/images/prettyPhoto/default/sprite.png]
[localhost/wordpress/wp-content/plugins/js_composer/assets/lib/prettyphoto/images/prettyPhoto/default/sprite_x.png]
[localhost/wordpress/wp-content/plugins/js_composer/assets/lib/prettyphoto/images/prettyPhoto/default/sprite_y.png]
[localhost/wordpress/wp-content/plugins/js_composer/assets/lib/prettyphoto/images/prettyPhoto/default/sprite_next.png]
[localhost/wordpress/wp-content/plugins/js_composer/assets/lib/prettyphoto/images/prettyPhoto/default/sprite_prev.png]
[localhost/wordpress/wp-content/plugins/js_composer/assets/lib/prettyphoto/images/prettyPhoto/default/default_thumb.png]
[localhost/wordpress/wp-content/plugins/js_composer/assets/lib/prettyphoto/images/prettyPhoto/default/loader.gif]
[localhost/wordpress/wp-content/plugins/js_composer/assets/lib/prettyphoto/images/prettyPhoto/light_rounded/sprite.png]
[localhost/wordpress/wp-content/plugins/js_composer/assets/lib/prettyphoto/images/prettyPhoto/light_rounded/btnNext.png]
[localhost/wordpress/wp-content/plugins/js_composer/assets/lib/prettyphoto/images/prettyPhoto/light_rounded/btnPrevious.png]
[localhost/wordpress/wp-content/plugins/js_composer/assets/lib/prettyphoto/images/prettyPhoto/light_rounded/loader.gif]
[localhost/wordpress/wp-content/plugins/js_composer/assets/lib/prettyphoto/images/prettyPhoto/dark_rounded/sprite.png]
[localhost/wordpress/wp-content/plugins/js_composer/assets/lib/prettyphoto/images/prettyPhoto/dark_rounded/contentPattern.png]
[localhost/wordpress/wp-content/plugins/js_composer/assets/lib/prettyphoto/images/prettyPhoto/dark_rounded/btnNext.png]
[localhost/wordpress/wp-content/plugins/js_composer/assets/lib/prettyphoto/images/prettyPhoto/dark_rounded/btnPrevious.png]
[localhost/wordpress/wp-content/plugins/js_composer/assets/lib/prettyphoto/images/prettyPhoto/dark_rounded/loader.gif]
[localhost/wordpress/wp-content/plugins/js_composer/assets/lib/prettyphoto/images/prettyPhoto/dark_square/loader.gif]
[localhost/wordpress/wp-content/plugins/js_composer/assets/lib/prettyphoto/images/prettyPhoto/dark_square/sprite.png]
[localhost/wordpress/wp-content/plugins/js_composer/assets/lib/prettyphoto/images/prettyPhoto/dark_square/btnNext.png]
[localhost/wordpress/wp-content/plugins/js_composer/assets/lib/prettyphoto/images/prettyPhoto/dark_square/btnPrevious.png]
[localhost/wordpress/wp-content/plugins/js_composer/assets/lib/prettyphoto/images/prettyPhoto/light_square/sprite.png]
[localhost/wordpress/wp-content/plugins/js_composer/assets/lib/prettyphoto/images/prettyPhoto/light_square/btnNext.png]
[localhost/wordpress/wp-content/plugins/js_composer/assets/lib/prettyphoto/images/prettyPhoto/light_square/btnPrevious.png]
[localhost/wordpress/wp-content/plugins/js_composer/assets/lib/prettyphoto/images/prettyPhoto/facebook/sprite.png]
[localhost/wordpress/wp-content/plugins/js_composer/assets/lib/prettyphoto/images/prettyPhoto/facebook/contentPatternTop.png]
[localhost/wordpress/wp-content/plugins/js_composer/assets/lib/prettyphoto/images/prettyPhoto/facebook/contentPatternLeft.png]
[localhost/wordpress/wp-content/plugins/js_composer/assets/lib/prettyphoto/images/prettyPhoto/facebook/contentPatternRight.png]
[localhost/wordpress/wp-content/plugins/js_composer/assets/lib/prettyphoto/images/prettyPhoto/facebook/loader.gif]
[localhost/wordpress/wp-content/plugins/js_composer/assets/lib/prettyphoto/images/prettyPhoto/facebook/btnNext.png]
[localhost/wordpress/wp-content/plugins/js_composer/assets/lib/prettyphoto/images/prettyPhoto/facebook/btnPrevious.png]
[localhost/wordpress/wp-content/plugins/js_composer/assets/lib/prettyphoto/images/prettyPhoto/facebook/contentPatternBottom.png]
[localhost/wordpress/wp-content/plugins/js_composer/assets/lib/prettyphoto/images/prettyPhoto/facebook/default_thumbnail.gif]
[localhost/wordpress/wp-content/plugins/js_composer/assets/lib/prettyphoto/css/prettyPhoto.min972f.css]
[localhost/wordpress/wp-content/themes/advance/images/tag.html]
[localhost/wordpress/wp-content/themes/advance/images/Untitled-1.html]
[localhost/wordpress/wp-content/themes/advance/fonts/awesome/fonts/fontawesome-webfont5b62.html]
[localhost/wordpress/wp-content/themes/advance/fonts/awesome/fonts/fontawesome-webfont5b62.svg]
[localhost/wordpress/wp-content/plugins/js_composer/assets/fonts/vc_icons/fonts/VC-Icons8309.svg]
[localhost/wordpress/wp-content/plugins/js_composer/assets/fonts/vc_grid/vc_grid_v157a1.svg]
[localhost/wordpress/wp-content/plugins/js_composer/assets/lib/bower/font-awesome/fonts/fontawesome-webfont5b62.html]
[localhost/wordpress/wp-content/plugins/js_composer/assets/lib/bower/font-awesome/fonts/fontawesome-webfont5b62.svg]
[localhost/wordpress/wp-content/plugins/js_composer/assets/lib/bower/flexslider/fonts/flexslider-icon.svg]
